t_atmos.c utest1 : OK
t_atmos.c utest2 : OK
t_atmos.c utest3 : OK
t_atmos.c utest4 : OK
