t_time.c utset1 : OK
t_time.c utset2 : OK
t_time.c utset3 : OK
t_time.c utset4 : OK
t_time.c utset5 : OK
t_time.c utset6 : OK
t_time.c utset7 : OK
t_time.c utset8 : OK
t_time.c utset9 : OK
t_time.c utset10 : OK
t_time.c utset11 : OK
