t_coord.c utset1 : OK
t_coord.c utset2 : OK
t_coord.c utset3 : OK
