
path =
paths=

path =*
paths=
figtest1.jpg
figtest3.jpg
t_atmos.c
t_atmos.o
t_coord
t_corrperf.c
t_geoid.c
t_ionex.c
t_lambda
t_lambda.c
t_lambda.o
t_matrix
t_matrix.c
t_ppp.o
t_rinex.c
t_rinex.o
t_time
t_time.c
t_time.o
t_tle
t_tle.c
t_tle.o
testgloeph.m
testionex.m
testionex3.m
testionppp.m
utest1.out
utest11.out
utest12.out
utest2.out
utest3.out
utest_eph.m

path =*.*
paths=
figtest1.jpg
figtest3.jpg
t_atmos.c
t_atmos.o
t_corrperf.c
t_geoid.c
t_geoid.o
t_ionex.c
t_lambda.c
t_lambda.o
t_matrix.c
t_matrix.o
t_ppp.o
t_preceph.o
t_rinex.c
t_rinex.o
t_time.c
t_time.o
t_tle.c
t_tle.o
testgloeph.m
testionex.m
testionex3.m
testionppp.m
testpeph2.m
utest1.out
utest11.out
utest12.out
utest2.out
utest3.out
utest6.out
utest_eph.m

path =*.c
paths=
t_atmos.c
t_coord.c
t_corrperf.c
t_filter.c
t_geoid.c
t_gloeph.c
t_ionex.c
t_lambda.c
t_matrix.c
t_misc.c
t_ppp.c
t_preceph.c
t_rinex.c
t_time.c
t_tle.c

path =*.c*
paths=
t_atmos.c
t_coord.c
t_corrperf.c
t_filter.c
t_geoid.c
t_gloeph.c
t_ionex.c
t_lambda.c
t_matrix.c
t_misc.c
t_ppp.c
t_preceph.c
t_rinex.c
t_time.c
t_tle.c

path =t_*.*
paths=
t_atmos.c
t_atmos.o
t_coord.c
t_coord.o
t_corrperf.c
t_filter.c
t_geoid.c
t_geoid.o
t_gloeph.c
t_gloeph.o
t_ionex.c
t_ionex.o
t_lambda.c
t_lambda.o
t_matrix.c
t_matrix.o
t_misc.c
t_misc.o
t_ppp.c
t_ppp.o
t_preceph.c
t_preceph.o
t_rinex.c
t_rinex.o
t_time.c
t_time.o
t_tle.c
t_tle.o

path =t_misc.c
paths=
t_misc.c

path =t*misc.c
paths=
t_misc.c

path =t_m*sc.c
paths=
t_misc.c

path =t_m*sc*c
paths=
t_misc.c

path =t_m*sc*c*
paths=
t_misc.c

path =*.
paths=

path =.*
paths=

path =t_misc
paths=
t_misc

path =_misc.c
paths=

path =c:\*
paths=

path =c:\windows*
paths=

path =c:\windows\*
paths=
t_misc.c utset2 : OK
paths[ 0]=abcde_2010/07/31_21:30:00_20100731213000
paths[ 1]=abcde_2010/07/31_21:45:00_20100731214500
paths[ 2]=abcde_2010/07/31_22:00:00_20100731220000
paths[ 3]=abcde_2010/07/31_22:15:00_20100731221500
paths[ 4]=abcde_2010/07/31_22:30:00_20100731223000
paths[ 5]=abcde_2010/07/31_22:45:00_20100731224500
paths[ 6]=abcde_2010/07/31_23:00:00_20100731230000
paths[ 7]=abcde_2010/07/31_23:15:00_20100731231500
paths[ 8]=abcde_2010/07/31_23:30:00_20100731233000
paths[ 9]=abcde_2010/07/31_23:45:00_20100731234500
paths[10]=abcde_2010/08/01_00:00:00_20100801000000
paths[11]=abcde_2010/08/01_00:15:00_20100801001500
paths[12]=abcde_2010/08/01_00:30:00_20100801003000
paths[13]=abcde_2010/08/01_00:45:00_20100801004500
paths[14]=abcde_2010/08/01_01:00:00_20100801010000
paths[15]=abcde_2010/08/01_01:15:00_20100801011500
paths[16]=abcde_2010/08/01_01:30:00_20100801013000
paths[17]=abcde_2010/08/01_01:45:00_20100801014500
paths[18]=abcde_2010/08/01_02:00:00_20100801020000
paths[19]=abcde_2010/08/01_02:15:00_20100801021500
paths[20]=abcde_2010/08/01_02:30:00_20100801023000
paths[21]=abcde_2010/08/01_02:45:00_20100801024500
paths[22]=abcde_2010/08/01_03:00:00_20100801030000
paths[23]=abcde_2010/08/01_03:15:00_20100801031500
paths[24]=abcde_2010/08/01_03:30:00_20100801033000
paths[25]=abcde_2010/08/01_03:45:00_20100801034500
paths[26]=abcde_2010/08/01_04:00:00_20100801040000

paths[ 0]=ROV_BASE_ROV_BASE_10212_15946v_211812
paths[ 1]=ROV_BASE_ROV_BASE_10212_15946w_211812
paths[ 2]=ROV_BASE_ROV_BASE_10212_15946x_211812
paths[ 3]=ROV_BASE_ROV_BASE_10213_15950a_000000
paths[ 4]=ROV_BASE_ROV_BASE_10213_15950b_000000
paths[ 5]=ROV_BASE_ROV_BASE_10213_15950c_000000
paths[ 6]=ROV_BASE_ROV_BASE_10213_15950d_030000
paths[ 7]=ROV_BASE_ROV_BASE_10213_15950e_030000
paths[ 8]=ROV_BASE_ROV_BASE_10213_15950f_030000
paths[ 9]=ROV_BASE_ROV_BASE_10213_15950g_060600
paths[10]=ROV_BASE_ROV_BASE_10213_15950h_060600
paths[11]=ROV_BASE_ROV_BASE_10213_15950i_060600
paths[12]=ROV_BASE_ROV_BASE_10213_15950j_090600
paths[13]=ROV_BASE_ROV_BASE_10213_15950k_090600
paths[14]=ROV_BASE_ROV_BASE_10213_15950l_090600
paths[15]=ROV_BASE_ROV_BASE_10213_15950m_121212
paths[16]=ROV_BASE_ROV_BASE_10213_15950n_121212
paths[17]=ROV_BASE_ROV_BASE_10213_15950o_121212
paths[18]=ROV_BASE_ROV_BASE_10213_15950p_151212
paths[19]=ROV_BASE_ROV_BASE_10213_15950q_151212
paths[20]=ROV_BASE_ROV_BASE_10213_15950r_151212
paths[21]=ROV_BASE_ROV_BASE_10213_15950s_181812
paths[22]=ROV_BASE_ROV_BASE_10213_15950t_181812
paths[23]=ROV_BASE_ROV_BASE_10213_15950u_181812
paths[24]=ROV_BASE_ROV_BASE_10213_15950v_211812
paths[25]=ROV_BASE_ROV_BASE_10213_15950w_211812
paths[26]=ROV_BASE_ROV_BASE_10213_15950x_211812
paths[27]=ROV_BASE_ROV_BASE_10214_15951a_000000
paths[28]=ROV_BASE_ROV_BASE_10214_15951b_000000
paths[29]=ROV_BASE_ROV_BASE_10214_15951c_000000
paths[30]=ROV_BASE_ROV_BASE_10214_15951d_030000
paths[31]=ROV_BASE_ROV_BASE_10214_15951e_030000
paths[32]=ROV_BASE_ROV_BASE_10214_15951f_030000
paths[33]=ROV_BASE_ROV_BASE_10214_15951g_060600
paths[34]=ROV_BASE_ROV_BASE_10214_15951h_060600
paths[35]=ROV_BASE_ROV_BASE_10214_15951i_060600
paths[36]=ROV_BASE_ROV_BASE_10214_15951j_090600
paths[37]=ROV_BASE_ROV_BASE_10214_15951k_090600
paths[38]=ROV_BASE_ROV_BASE_10214_15951l_090600
paths[39]=ROV_BASE_ROV_BASE_10214_15951m_121212
paths[40]=ROV_BASE_ROV_BASE_10214_15951n_121212
paths[41]=ROV_BASE_ROV_BASE_10214_15951o_121212
paths[42]=ROV_BASE_ROV_BASE_10214_15951p_151212
paths[43]=ROV_BASE_ROV_BASE_10214_15951q_151212
paths[44]=ROV_BASE_ROV_BASE_10214_15951r_151212
paths[45]=ROV_BASE_ROV_BASE_10214_15951s_181812
paths[46]=ROV_BASE_ROV_BASE_10214_15951t_181812
paths[47]=ROV_BASE_ROV_BASE_10214_15951u_181812
paths[48]=ROV_BASE_ROV_BASE_10214_15951v_211812
paths[49]=ROV_BASE_ROV_BASE_10214_15951w_211812
paths[50]=ROV_BASE_ROV_BASE_10214_15951x_211812
paths[51]=ROV_BASE_ROV_BASE_10215_15952a_000000
paths[52]=ROV_BASE_ROV_BASE_10215_15952b_000000
paths[53]=ROV_BASE_ROV_BASE_10215_15952c_000000
paths[54]=ROV_BASE_ROV_BASE_10215_15952d_030000
paths[55]=ROV_BASE_ROV_BASE_10215_15952e_030000
paths[56]=ROV_BASE_ROV_BASE_10215_15952f_030000
paths[57]=ROV_BASE_ROV_BASE_10215_15952g_060600
paths[58]=ROV_BASE_ROV_BASE_10215_15952h_060600
paths[59]=ROV_BASE_ROV_BASE_10215_15952i_060600
paths[60]=ROV_BASE_ROV_BASE_10215_15952j_090600
paths[61]=ROV_BASE_ROV_BASE_10215_15952k_090600
paths[62]=ROV_BASE_ROV_BASE_10215_15952l_090600
paths[63]=ROV_BASE_ROV_BASE_10215_15952m_121212
paths[64]=ROV_BASE_ROV_BASE_10215_15952n_121212
paths[65]=ROV_BASE_ROV_BASE_10215_15952o_121212
paths[66]=ROV_BASE_ROV_BASE_10215_15952p_151212
paths[67]=ROV_BASE_ROV_BASE_10215_15952q_151212
paths[68]=ROV_BASE_ROV_BASE_10215_15952r_151212
paths[69]=ROV_BASE_ROV_BASE_10215_15952s_181812
paths[70]=ROV_BASE_ROV_BASE_10215_15952t_181812
paths[71]=ROV_BASE_ROV_BASE_10215_15952u_181812
paths[72]=ROV_BASE_ROV_BASE_10215_15952v_211812
paths[73]=ROV_BASE_ROV_BASE_10215_15952w_211812
paths[74]=ROV_BASE_ROV_BASE_10215_15952x_211812
paths[75]=ROV_BASE_ROV_BASE_10216_15953a_000000
paths[76]=ROV_BASE_ROV_BASE_10216_15953b_000000
paths[77]=ROV_BASE_ROV_BASE_10216_15953c_000000
paths[78]=ROV_BASE_ROV_BASE_10216_15953d_030000
paths[79]=ROV_BASE_ROV_BASE_10216_15953e_030000
paths[80]=ROV_BASE_ROV_BASE_10216_15953f_030000
paths[81]=ROV_BASE_ROV_BASE_10216_15953g_060600
paths[82]=ROV_BASE_ROV_BASE_10216_15953h_060600
paths[83]=ROV_BASE_ROV_BASE_10216_15953i_060600
paths[84]=ROV_BASE_ROV_BASE_10216_15953j_090600
paths[85]=ROV_BASE_ROV_BASE_10216_15953k_090600
paths[86]=ROV_BASE_ROV_BASE_10216_15953l_090600
paths[87]=ROV_BASE_ROV_BASE_10216_15953m_121212
paths[88]=ROV_BASE_ROV_BASE_10216_15953n_121212
paths[89]=ROV_BASE_ROV_BASE_10216_15953o_121212
paths[90]=ROV_BASE_ROV_BASE_10216_15953p_151212
paths[91]=ROV_BASE_ROV_BASE_10216_15953q_151212
paths[92]=ROV_BASE_ROV_BASE_10216_15953r_151212
paths[93]=ROV_BASE_ROV_BASE_10216_15953s_181812
paths[94]=ROV_BASE_ROV_BASE_10216_15953t_181812
paths[95]=ROV_BASE_ROV_BASE_10216_15953u_181812
paths[96]=ROV_BASE_ROV_BASE_10216_15953v_211812
paths[97]=ROV_BASE_ROV_BASE_10216_15953w_211812
paths[98]=ROV_BASE_ROV_BASE_10216_15953x_211812
paths[99]=ROV_BASE_ROV_BASE_10217_15954a_000000

paths[ 0]=YEAR=2010 GPSWEEK=1594
paths[ 1]=YEAR=2010 GPSWEEK=1595
paths[ 2]=YEAR=2010 GPSWEEK=1596
paths[ 3]=YEAR=2010 GPSWEEK=1597
paths[ 4]=YEAR=2010 GPSWEEK=1598
paths[ 5]=YEAR=2010 GPSWEEK=1599
paths[ 6]=YEAR=2010 GPSWEEK=1600
paths[ 7]=YEAR=2010 GPSWEEK=1601
paths[ 8]=YEAR=2010 GPSWEEK=1602
paths[ 9]=YEAR=2010 GPSWEEK=1603
paths[10]=YEAR=2010 GPSWEEK=1604
paths[11]=YEAR=2010 GPSWEEK=1605
paths[12]=YEAR=2010 GPSWEEK=1606
paths[13]=YEAR=2010 GPSWEEK=1607
paths[14]=YEAR=2010 GPSWEEK=1608
paths[15]=YEAR=2010 GPSWEEK=1609
paths[16]=YEAR=2010 GPSWEEK=1610
paths[17]=YEAR=2010 GPSWEEK=1611
paths[18]=YEAR=2010 GPSWEEK=1612
paths[19]=YEAR=2010 GPSWEEK=1613
paths[20]=YEAR=2010 GPSWEEK=1614
paths[21]=YEAR=2010 GPSWEEK=1615
paths[22]=YEAR=2010 GPSWEEK=1616
paths[23]=YEAR=2011 GPSWEEK=1616
paths[24]=YEAR=2011 GPSWEEK=1617
paths[25]=YEAR=2011 GPSWEEK=1618
paths[26]=YEAR=2011 GPSWEEK=1619
paths[27]=YEAR=2011 GPSWEEK=1620
paths[28]=YEAR=2011 GPSWEEK=1621
paths[29]=YEAR=2011 GPSWEEK=1622
paths[30]=YEAR=2011 GPSWEEK=1623
paths[31]=YEAR=2011 GPSWEEK=1624
paths[32]=YEAR=2011 GPSWEEK=1625
paths[33]=YEAR=2011 GPSWEEK=1626
paths[34]=YEAR=2011 GPSWEEK=1627
paths[35]=YEAR=2011 GPSWEEK=1628
paths[36]=YEAR=2011 GPSWEEK=1629
paths[37]=YEAR=2011 GPSWEEK=1630
paths[38]=YEAR=2011 GPSWEEK=1631
paths[39]=YEAR=2011 GPSWEEK=1632
paths[40]=YEAR=2011 GPSWEEK=1633
paths[41]=YEAR=2011 GPSWEEK=1634
paths[42]=YEAR=2011 GPSWEEK=1635
paths[43]=YEAR=2011 GPSWEEK=1636
paths[44]=YEAR=2011 GPSWEEK=1637
paths[45]=YEAR=2011 GPSWEEK=1638
paths[46]=YEAR=2011 GPSWEEK=1639
paths[47]=YEAR=2011 GPSWEEK=1640
paths[48]=YEAR=2011 GPSWEEK=1641
paths[49]=YEAR=2011 GPSWEEK=1642
paths[50]=YEAR=2011 GPSWEEK=1643
paths[51]=YEAR=2011 GPSWEEK=1644
paths[52]=YEAR=2011 GPSWEEK=1645
paths[53]=YEAR=2011 GPSWEEK=1646
paths[54]=YEAR=2011 GPSWEEK=1647
paths[55]=YEAR=2011 GPSWEEK=1648
paths[56]=YEAR=2011 GPSWEEK=1649
paths[57]=YEAR=2011 GPSWEEK=1650
paths[58]=YEAR=2011 GPSWEEK=1651
paths[59]=YEAR=2011 GPSWEEK=1652
paths[60]=YEAR=2011 GPSWEEK=1653
paths[61]=YEAR=2011 GPSWEEK=1654
paths[62]=YEAR=2011 GPSWEEK=1655
paths[63]=YEAR=2011 GPSWEEK=1656
paths[64]=YEAR=2011 GPSWEEK=1657
paths[65]=YEAR=2011 GPSWEEK=1658
paths[66]=YEAR=2011 GPSWEEK=1659
paths[67]=YEAR=2011 GPSWEEK=1660
paths[68]=YEAR=2011 GPSWEEK=1661
paths[69]=YEAR=2011 GPSWEEK=1662
paths[70]=YEAR=2011 GPSWEEK=1663
paths[71]=YEAR=2011 GPSWEEK=1664
paths[72]=YEAR=2011 GPSWEEK=1665
paths[73]=YEAR=2011 GPSWEEK=1666
paths[74]=YEAR=2011 GPSWEEK=1667
paths[75]=YEAR=2011 GPSWEEK=1668
paths[76]=YEAR=2012 GPSWEEK=1669
paths[77]=YEAR=2012 GPSWEEK=1670
paths[78]=YEAR=2012 GPSWEEK=1671
paths[79]=YEAR=2012 GPSWEEK=1672
paths[80]=YEAR=2012 GPSWEEK=1673

t_misc.c utset3 : OK
t_misc.c utset4 : OK
