U(0,0)=-0.947378027424 -0.947378027425  0.000000000001
U(0,1)= 0.320116956823  0.320116956820  0.000000000003
U(0,2)=-0.000084309046 -0.000084309046  0.000000000000
U(1,0)=-0.320116952228 -0.320116952225 -0.000000000003
U(1,1)=-0.947378030590 -0.947378030591  0.000000000001
U(1,2)=-0.000063659260 -0.000063659260 -0.000000000000
U(2,0)=-0.000100250946 -0.000100250946 -0.000000000000
U(2,1)=-0.000033320629 -0.000033320629  0.000000000000
U(2,2)= 0.999999994420  0.999999994420 -0.000000000000
t_ppp.c utset1 : OK
X_sun =    70514086098     70842740307 -0.0047
Y_sun =   115501268725    115293403265  0.0018
Z_sun =   -57676433938    -57704700667 -0.0005
X_moon=      350404069       350588081 -0.0005
Y_moon=       30730626        29854135  0.0285
Z_moon=     -136977555      -136870369  0.0008
t_ppp.c utset2 : OK
X_disp=-0.05281 -0.05294  0.00013
Y_disp= 0.07549  0.07561 -0.00011
Z_disp= 0.03633  0.03644 -0.00011
t_ppp.c utset3 : OK
