t_matrix.c utest1 : OK
t_matrix.c utest2 : OK
t_matrix.c utest3 : OK
t_matrix.c utest4 : OK
t_matrix.c utest5 : OK
